<root>
<msg-list>
	<msg>Purchase with card 923982******7492 on 11.12.1999 23:34, amount 87.98 RUB.</msg>
	<msg>Purchase with card 293478******2343 on 04.05.2003 17:16, amount 199.99 GBP.</msg>
</msg-list>
<totals cnt="2" sum="28797" date="2021.03.04 23:36">
</root>